../Drivers/CMSIS/Include/core_cm4.h:1684:22:__NVIC_EnableIRQ	16	static,ignoring_inline_asm
../Drivers/CMSIS/Include/core_cm4.h:1814:22:__NVIC_SetPriority	16	static
../Drivers/STM32F4xx_HAL_Driver/Inc/stm32f4xx_ll_bus.h:409:22:LL_AHB1_GRP1_EnableClock	24	static
../Drivers/STM32F4xx_HAL_Driver/Inc/stm32f4xx_ll_system.h:671:22:LL_SYSCFG_SetEXTISource	32	static,ignoring_inline_asm
../Drivers/STM32F4xx_HAL_Driver/Inc/stm32f4xx_ll_exti.h:268:22:LL_EXTI_EnableIT_0_31	16	static
../Drivers/STM32F4xx_HAL_Driver/Inc/stm32f4xx_ll_exti.h:309:22:LL_EXTI_DisableIT_0_31	16	static
../Drivers/STM32F4xx_HAL_Driver/Inc/stm32f4xx_ll_exti.h:529:22:LL_EXTI_EnableRisingTrig_0_31	16	static
../Drivers/STM32F4xx_HAL_Driver/Inc/stm32f4xx_ll_exti.h:661:22:LL_EXTI_EnableFallingTrig_0_31	16	static
../Drivers/STM32F4xx_HAL_Driver/Inc/stm32f4xx_ll_gpio.h:273:22:LL_GPIO_SetPinMode	48	static,ignoring_inline_asm
../Drivers/STM32F4xx_HAL_Driver/Inc/stm32f4xx_ll_gpio.h:342:22:LL_GPIO_SetPinOutputType	24	static
../Drivers/STM32F4xx_HAL_Driver/Inc/stm32f4xx_ll_gpio.h:413:22:LL_GPIO_SetPinSpeed	48	static,ignoring_inline_asm
../Drivers/STM32F4xx_HAL_Driver/Inc/stm32f4xx_ll_gpio.h:484:22:LL_GPIO_SetPinPull	48	static,ignoring_inline_asm
../Drivers/STM32F4xx_HAL_Driver/Inc/stm32f4xx_ll_gpio.h:800:26:LL_GPIO_IsInputPinSet	16	static
../Drivers/STM32F4xx_HAL_Driver/Inc/stm32f4xx_ll_gpio.h:881:22:LL_GPIO_SetOutputPin	16	static
../Drivers/STM32F4xx_HAL_Driver/Inc/stm32f4xx_ll_gpio.h:910:22:LL_GPIO_ResetOutputPin	16	static
../i2c_emulator/i2c_bitbang.c:10:6:DWT_Clock_Enable	4	static
../i2c_emulator/i2c_bitbang.c:20:6:I2C_Bitbang_Init	8	static
../i2c_emulator/i2c_bitbang.c:79:6:DWT_Delay_us	24	static
../i2c_emulator/i2c_bitbang.c:115:22:I2C_SDA_Low	8	static
../i2c_emulator/i2c_bitbang.c:127:26:I2C_Read_SDA	16	static
../i2c_emulator/i2c_bitbang.c:139:26:I2C_Read_SCL	16	static
../i2c_emulator/i2c_bitbang.c:145:22:I2C_Write_Bit	16	static
../i2c_emulator/i2c_bitbang.c:158:22:I2C_Read_Bit	16	static
../i2c_emulator/i2c_bitbang.c:185:6:I2C_Write_Byte	24	static
../i2c_emulator/i2c_bitbang.c:214:22:i2c_set_sda_opendrain	8	static
../i2c_emulator/i2c_bitbang.c:221:22:i2c_set_sda_input	8	static
../i2c_emulator/i2c_bitbang.c:227:22:i2c_enable_sda_falling	8	static
../i2c_emulator/i2c_bitbang.c:239:22:i2c_disable_scl_rising	8	static
../i2c_emulator/i2c_bitbang.c:252:6:check_start_condition	8	static
../i2c_emulator/i2c_bitbang.c:262:6:I2C_Event_Take	16	static
